// Jest Snapshot v1, https://goo.gl/fbAQLP

exports[`TextArea component Matches the snapshot 1`] = `
<div
  className="textAreaWrapper"
>
  <textarea
    className="textArea"
    id="test"
    placeholder=""
    type="text"
  />
  <svg
    className="errorIcon"
    height="16"
    viewBox="0 0 450 450"
    width="16"
  >
    <path
      d="M225.24,24.86c-110.46,0-200,89.55-200,200s89.54,200,200,200,200-89.55,200-200S335.69,24.86,225.24,24.86Z"
      fill="#ed6d47"
    />
    <rect
      fill="none"
    />
    <path
      d="M188.2,313c0-21.92,15.7-36.84,36.8-36.84s36.8,14.92,36.8,36.84-15.7,37.47-36.8,37.47S188.2,335,188.2,313Zm11.56-164.61L198,99.49H252l-1.8,48.94-7.5,103.67H207.26Z"
      fill="#feb8a5"
    />
  </svg>
  <p
    className="errorMsg"
  />
</div>
`;
