// Jest Snapshot v1, https://goo.gl/fbAQLP

exports[`Toggle Component Matches snapshot 1`] = `
<div
  className="toggle"
>
  <div
    className="notToggled"
    data-testid="switch"
  >
    <div
      className="knob"
    />
  </div>
</div>
`;
