// Jest Snapshot v1, https://goo.gl/fbAQLP

exports[`Tabs Component Matches the snapshot 1`] = `
Array [
  <ul
    className="tabsNav"
  >
    <li
      className="tabHorizontal"
      data-testid="tab-0"
      onClick={[Function]}
      style={
        Object {
          "backgroundColor": "transparent",
          "borderColor": "rgba(46, 216, 163, 1)",
          "color": "rgba(9, 20, 64, 1)",
          "duration": 350,
          "style": undefined,
        }
      }
    >
      <span
        className="tabLabel"
      >
        tab1
      </span>
      <span
        className="tabCount"
      >
        1
      </span>
    </li>
    <li
      className="tabHorizontal"
      data-testid="tab-1"
      onClick={[Function]}
      style={
        Object {
          "backgroundColor": "transparent",
          "borderColor": "rgba(255, 255, 255, 1)",
          "color": "rgba(61, 88, 115, 1)",
          "duration": 350,
          "style": undefined,
        }
      }
    >
      <span
        className="tabLabel"
      >
        tab2
      </span>
      <span
        className="tabCount"
      >
        4
      </span>
    </li>
  </ul>,
  <div
    style={
      Object {
        "opacity": 1,
        "position": "absolute",
      }
    }
  >
    <div>
      test1
    </div>
  </div>,
]
`;
