// Jest Snapshot v1, https://goo.gl/fbAQLP

exports[`TextHighlighted component Matches snapshot 1`] = `
<span
  className="text textAlignStart weightRegular sizeNormal colorDefault contentWrapper"
  id="text-id"
>
  test
</span>
`;
