// Jest Snapshot v1, https://goo.gl/fbAQLP

exports[`Spinner component Matches the snapshot 1`] = `
<div
  className="spinner"
  style={
    Object {
      "height": undefined,
      "width": undefined,
    }
  }
/>
`;
