// Jest Snapshot v1, https://goo.gl/fbAQLP

exports[`BoxTextInput component Matches the snapshot 1`] = `
<form
  className="boxtextinputWrapper"
  onSubmit={[Function]}
>
  <input
    className="boxtextinput"
    type="text"
  />
  <button
    className="boxtextinputButton"
    data-testid="submit-button"
    type="submit"
  >
    <svg
      height="16"
      viewBox="0 0 450 450"
      width="16"
    >
      <g>
        <g
          fill="#c4cbd2"
        >
          <path
            d="M417.494118,397.996875 L319.552941,289.828125 C369.576866,226.478443 371.45145,134.704401 324.06138,69.1084373 C276.67131,3.5124731 192.746493,-18.2850446 122.219344,16.6846668 C51.6921948,51.6543782 13.5076963,133.997765 30.384328,214.723309 C47.2609597,295.448853 114.665326,352.872082 192.494118,352.828125 C226.553641,352.923437 259.798972,341.768237 287.629412,320.90625 L386.258824,429.890625 C391.59298,435.946438 399.582119,438.482788 407.168761,436.529002 C414.755404,434.575216 420.76494,428.43379 422.897495,420.455077 C425.030049,412.476363 422.955447,403.895673 417.467647,397.996875 L417.494118,397.996875 Z M192.520588,46.0125 C260.310293,46.0125 315.264706,104.401564 315.264706,176.428125 C315.264706,248.454686 260.310293,306.84375 192.520588,306.84375 C124.730884,306.84375 69.7764706,248.454686 69.7764706,176.428125 C69.8494166,104.433692 124.761122,46.0900051 192.520588,46.0125 Z"
          />
        </g>
      </g>
    </svg>
  </button>
  <p
    className="errorMsg"
  />
</form>
`;

exports[`BoxTextInput component Matches the snapshot 2`] = `
<div
  className="boxtextinputWrapper"
  onSubmit={[Function]}
>
  <input
    className="boxtextinput"
    type="text"
  />
  <p
    className="errorMsg"
  />
</div>
`;
