// Jest Snapshot v1, https://goo.gl/fbAQLP

exports[`Tooltip component Matches the snapshot 1`] = `
<div
  className="tooltip"
  onClick={[Function]}
>
  <div
    className="tooltipContent top"
  >
    content
  </div>
</div>
`;
